I'm sorry, but errors were detected in your script. Please correct the
errors listed below, and try again.


File "game/script.rpy", line 3: expected statement.
    frame:
         ^

Ren'Py Version: Ren'Py 8.3.6.25022803
Thu May 29 00:10:04 2025
